../Core/Src/main.c:82:5:main	160	static
../Core/Src/main.c:202:6:SystemClock_Config	88	static
../Core/Src/main.c:256:13:MX_CAN1_Init	8	static
../Core/Src/main.c:293:13:MX_USART1_UART_Init	8	static
../Core/Src/main.c:326:13:MX_GPIO_Init	64	static
../Core/Src/main.c:575:6:HAL_CAN_RxFifo0MsgPendingCallback	80	static,ignoring_inline_asm
../Core/Src/main.c:614:6:HAL_UART_RxCpltCallback	24	static,ignoring_inline_asm
../Core/Src/main.c:655:6:StartDefaultTask	16	static
../Core/Src/main.c:673:6:StartUartTxTask	32	static
../Core/Src/main.c:706:6:StartControlTask	56	static
../Core/Src/main.c:747:6:Error_Handler	4	static,ignoring_inline_asm
