../Core/Src/main.c:83:5:main	160	static
../Core/Src/main.c:203:6:SystemClock_Config	88	static
../Core/Src/main.c:257:13:MX_CAN1_Init	8	static
../Core/Src/main.c:294:13:MX_USART1_UART_Init	8	static
../Core/Src/main.c:327:13:MX_GPIO_Init	64	static
../Core/Src/main.c:576:6:HAL_CAN_RxFifo0MsgPendingCallback	80	static,ignoring_inline_asm
../Core/Src/main.c:615:6:HAL_UART_RxCpltCallback	24	static,ignoring_inline_asm
../Core/Src/main.c:656:6:StartDefaultTask	16	static
../Core/Src/main.c:674:6:StartUartTxTask	32	static
../Core/Src/main.c:707:6:StartControlTask	56	static
../Core/Src/main.c:748:6:Error_Handler	4	static,ignoring_inline_asm
