16:04:01 **** Incremental Build of configuration Debug for project MiniMES_Gateway ****
make -j20 all 
arm-none-eabi-gcc "../Core/Src/main.c" -mcpu=cortex-m4 -std=gnu11 -g3 -DDEBUG -DUSE_HAL_DRIVER -DSTM32F429xx -c -I../Core/Inc -I../Drivers/STM32F4xx_HAL_Driver/Inc -I../Drivers/STM32F4xx_HAL_Driver/Inc/Legacy -I../Drivers/CMSIS/Device/ST/STM32F4xx/Include -I../Drivers/CMSIS/Include -I../Middlewares/Third_Party/FreeRTOS/Source/include -I../Middlewares/Third_Party/FreeRTOS/Source/CMSIS_RTOS -I../Middlewares/Third_Party/FreeRTOS/Source/portable/GCC/ARM_CM4F -O0 -ffunction-sections -fdata-sections -Wall -fstack-usage -fcyclomatic-complexity -MMD -MP -MF"Core/Src/main.d" -MT"Core/Src/main.o" --specs=nano.specs -mfpu=fpv4-sp-d16 -mfloat-abi=hard -mthumb -o "Core/Src/main.o"
arm-none-eabi-gcc -o "MiniMES_Gateway.elf" @"objects.list"   -mcpu=cortex-m4 -T"C:\Users\SeungMin\Desktop\MiniMES_System\Firmware\MiniMES_Gateway\STM32F429ZITX_FLASH.ld" --specs=nosys.specs -Wl,-Map="MiniMES_Gateway.map" -Wl,--gc-sections -static --specs=nano.specs -mfpu=fpv4-sp-d16 -mfloat-abi=hard -mthumb -Wl,--start-group -lc -lm -Wl,--end-group
Finished building target: MiniMES_Gateway.elf
 
arm-none-eabi-size  MiniMES_Gateway.elf 
arm-none-eabi-objdump -h -S MiniMES_Gateway.elf  > "MiniMES_Gateway.list"
   text	   data	    bss	    dec	    hex	filename
  25656	     16	  18008	  43680	   aaa0	MiniMES_Gateway.elf
Finished building: default.size.stdout
 
Finished building: MiniMES_Gateway.list
 
16:04:06 **** Incremental Build of configuration Debug for project MiniMES_Gateway ****
make -j20 all 
arm-none-eabi-size  MiniMES_Gateway.elf 
   text	   data	    bss	    dec	    hex	filename
  25656	     16	  18008	  43680	   aaa0	MiniMES_Gateway.elf
Finished building: default.size.stdout
 
